Microchip MPLAB XC8 Compiler V2.40

Linker command line:

-W-3 \
  --edf=C:\Program Files\Microchip\xc8\v2.40\pic\dat\20220703182018_en.msgs \
  -cn -h+dist/default/production\CGL12M6KV1.8.production.sym \
  --cmf=dist/default/production\CGL12M6KV1.8.production.cmf -z -Q18F25K22 \
  -oC:\Users\termo\AppData\Local\Temp\xcAsc3o.4 --defsym=__MPLAB_BUILD=1 \
  --fixupoverflow=error \
  -Mdist/default/production/CGL12M6KV1.8.production.map \
  --md=C:\Users\termo\AppData\Local\Temp\xcAsc3o.dat -E1 -ver=XC8 Compiler \
  --acfsm=1493 -ACODE=00h-07FFFh -ACONST=00h-07FFFh \
  -ASMALLCONST=0600h-06FFhx122 -AMEDIUMCONST=0600h-07FFFh -ACOMRAM=01h-05Fh \
  -AABS1=00h-05FFh -ABIGRAM=01h-05FFh -ARAM=060h-0FFh,0100h-01FFhx5 \
  -ABANK0=060h-0FFh -ABANK1=0100h-01FFh -ABANK2=0200h-02FFh \
  -ABANK3=0300h-03FFh -ABANK4=0400h-04FFh -ABANK5=0500h-05FFh \
  -ASFR=0F38h-0F5Fh,0F60h-0FFFh -ABIGSFR=0F38h-0FFFh \
  -ACONFIG=0300000h-030000Dh -AIDLOC=0200000h-0200007h \
  -AEEDATA=0F00000h-0F000FFh -peeprom_data=EEDATA \
  -preset_vec=00h,intcode,intcodelo=018h,powerup,init -pramtop=0600h \
  -psmallconst=SMALLCONST -pmediumconst=MEDIUMCONST -pconst=CONST \
  -AFARRAM=00h-00h \
  -prdata=COMRAM,nvrram=COMRAM,nvbit=COMRAM,rbss=COMRAM,rbit=COMRAM \
  -pfarbss=FARRAM,fardata=FARRAM,nvFARRAM=FARRAM \
  -pintsave_regs=BIGRAM,bigbss=BIGRAM,bigdata=BIGRAM -pbss=RAM \
  -pidata=CODE,irdata=CODE,ibigdata=CODE,ifardata=CODE -prparam=COMRAM \
  C:\Users\termo\AppData\Local\Temp\xcAsc3o.o \
  dist/default/production\CGL12M6KV1.8.production.o 

Object code version is 3.11

Machine type is 18F25K22



                Name                               Link     Load   Length Selector   Space Scale
C:\Users\termo\AppData\Local\Temp\xcAsc3o.o
                idloc                            200000   200000        8        0       5
                config                           300000   300000        E        0       4
                init                                510      510        4        C       0
                reset_vec                             0        0        4        0       0
dist/default/production\CGL12M6KV1.8.production.o
                intcodelo                            18       18      4F8        C       0
                idloc                            200000   200000        8        0       5
                config                           300000   300000        E        0       4
                temp                                 48       48        1        1       1
                text43                             5BDE     5BDE       6A        C       0
                text41                             6118     6118       1A        C       0
                text40                             5B74     5B74       6A        C       0
                text39                             60F2     60F2       26        C       0
                text38                             5868     5868       BA        C       0
                text37                             5FCC     5FCC       3C        C       0
                text36                             5F90     5F90       3C        C       0
                text35                             5E12     5E12       44        C       0
                text34                             6098     6098       2E        C       0
                text33                             60C6     60C6       2C        C       0
                text32                             5ED6     5ED6       40        C       0
                text31                             5E96     5E96       40        C       0
                text30                             5E56     5E56       40        C       0
                text29                             5F54     5F54       3C        C       0
                text28                             5CAC     5CAC       56        C       0
                text27                             5DCE     5DCE       44        C       0
                text26                             4574     4574      47E        C       0
                text25                             6068     6068       30        C       0
                text24                             5D8A     5D8A       44        C       0
                text23                             49F2     49F2      2E2        C       0
                text22                             59D2     59D2       A6        C       0
                text21                             4CD4     4CD4      23C        C       0
                text20                             57A4     57A4       C4        C       0
                text19                             5922     5922       B0        C       0
                text18                             52CE     52CE      18E        C       0
                text17                             56BC     56BC       E8        C       0
                text16                             5A78     5A78       88        C       0
                text15                             511E     511E      1B0        C       0
                text14                             3386     3386      6F0        C       0
                text13                             5D46     5D46       44        C       0
                text12                             3A76     3A76      5E6        C       0
                text11                             6038     6038       30        C       0
                text10                             2A32     2A32      954        C       0
                text9                              5B00     5B00       74        C       0
                text8                              5C48     5C48       64        C       0
                text7                              4F10     4F10      20E        C       0
                text6                              545C     545C      152        C       0
                text5                              6008     6008       30        C       0
                text4                              5D02     5D02       44        C       0
                text3                               514      514     1B9E        C       0
                text2                              55AE     55AE      10E        C       0
                text1                              405C     405C      518        C       0
                text0                              20B2     20B2      980        C       0
                cstackCOMRAM                          1        1       2B        1       1
                cstackBANK0                          E8       E8       18       60       1
                bssBANK2                            200      200       7C      200       1
                bssBANK1                            100      100       95      100       1
                bssBANK0                             60       60       88       60       1
                bssCOMRAM                            2C       2C       1C        1       1
                cinit                              5F16     5F16       3E        C       0

TOTAL           Name                               Link     Load   Length     Space
        CLASS   CODE           
                intcodelo                            18       18      4F8         0
                init                                510      510        4         0
                reset_vec                             0        0        4         0
                text43                             5BDE     5BDE       6A         0
                text41                             6118     6118       1A         0
                text40                             5B74     5B74       6A         0
                text39                             60F2     60F2       26         0
                text38                             5868     5868       BA         0
                text37                             5FCC     5FCC       3C         0
                text36                             5F90     5F90       3C         0
                text35                             5E12     5E12       44         0
                text34                             6098     6098       2E         0
                text33                             60C6     60C6       2C         0
                text32                             5ED6     5ED6       40         0
                text31                             5E96     5E96       40         0
                text30                             5E56     5E56       40         0
                text29                             5F54     5F54       3C         0
                text28                             5CAC     5CAC       56         0
                text27                             5DCE     5DCE       44         0
                text26                             4574     4574      47E         0
                text25                             6068     6068       30         0
                text24                             5D8A     5D8A       44         0
                text23                             49F2     49F2      2E2         0
                text22                             59D2     59D2       A6         0
                text21                             4CD4     4CD4      23C         0
                text20                             57A4     57A4       C4         0
                text19                             5922     5922       B0         0
                text18                             52CE     52CE      18E         0
                text17                             56BC     56BC       E8         0
                text16                             5A78     5A78       88         0
                text15                             511E     511E      1B0         0
                text14                             3386     3386      6F0         0
                text13                             5D46     5D46       44         0
                text12                             3A76     3A76      5E6         0
                text11                             6038     6038       30         0
                text10                             2A32     2A32      954         0
                text9                              5B00     5B00       74         0
                text8                              5C48     5C48       64         0
                text7                              4F10     4F10      20E         0
                text6                              545C     545C      152         0
                text5                              6008     6008       30         0
                text4                              5D02     5D02       44         0
                text3                               514      514     1B9E         0
                text2                              55AE     55AE      10E         0
                text1                              405C     405C      518         0
                text0                              20B2     20B2      980         0
                cinit                              5F16     5F16       3E         0

        CLASS   CONST          

        CLASS   SMALLCONST     

        CLASS   MEDIUMCONST    

        CLASS   COMRAM         
                temp                                 48       48        1         1
                cstackCOMRAM                          1        1       2B         1
                bssCOMRAM                            2C       2C       1C         1

        CLASS   ABS1           

        CLASS   BIGRAM         

        CLASS   RAM            

        CLASS   BANK0          
                cstackBANK0                          E8       E8       18         1
                bssBANK0                             60       60       88         1

        CLASS   BANK1          
                bssBANK1                            100      100       95         1

        CLASS   BANK2          
                bssBANK2                            200      200       7C         1

        CLASS   BANK3          

        CLASS   BANK4          

        CLASS   BANK5          

        CLASS   SFR            

        CLASS   BIGSFR         

        CLASS   CONFIG         
                config                           300000   300000        E         4

        CLASS   IDLOC          
                idloc                            200000   200000        8         5

        CLASS   EEDATA         

        CLASS   FARRAM         

        CLASS   HEAP           

        CLASS   STACK          



SEGMENTS        Name                           Load    Length   Top    Selector   Space  Class

                reset_vec                      000000  000004  000004         0       0  CODE    
                cstackCOMRAM                   000001  000048  000049         1       1  COMRAM  
                intcodelo                      000018  00611A  006132         C       0  CODE    
                bssBANK0                       000060  0000A0  000100        60       1  BANK0   
                bssBANK1                       000100  000095  000195       100       1  BANK1   
                bssBANK2                       000200  00007C  00027C       200       1  BANK2   


UNUSED ADDRESS RANGES

        Name                Unused          Largest block    Delta
        BANK1            000195-0001FF               6B
        BANK2            00027C-0002FF               84
        BANK3            000300-0003FF              100
        BANK4            000400-0004FF              100
        BANK5            000500-0005FF              100
        BIGRAM           000049-00005F               17
                         000195-0001FF               6B
                         00027C-0005FF              384
        BIGSFR           000F38-000FFF               C8
        CODE             000004-000017               14
                         006132-007FFF             1ECE
        COMRAM           000049-00005F               17
        CONST            000004-000017               14
                         006132-007FFF             1ECE
        EEDATA           F00000-F000FF              100
        MEDIUMCONST      006132-007FFF             1ECE
        RAM              000195-0001FF               6B
                         00027C-0005FF              100
        SFR              000F38-000FFF               28
        SMALLCONST       006132-007FFF              100

                                  Symbol Table

?___awdiv                  cstackCOMRAM 000018
?___awmod                  cstackCOMRAM 000018
?___lldiv                  cstackCOMRAM 000024
?___llmod                  cstackCOMRAM 000018
?___lmul                   cstackCOMRAM 000018
?___lwdiv                  cstackCOMRAM 00001D
?___lwmod                  cstackCOMRAM 000018
?___wmul                   cstackCOMRAM 000018
?i1___lmul                 cstackCOMRAM 000001
I2C_write@I2C_data         cstackCOMRAM 000018
_ANSELA                    (abs)        000F38
_ANSELB                    (abs)        000F39
_ANSELC                    (abs)        000F3A
_EEADR                     (abs)        000FA9
_EECON1bits                (abs)        000FA6
_EECON2                    (abs)        000FA7
_EEDATA                    (abs)        000FA8
_I2C_ack                   text32       005ED6
_I2C_init                  text41       006118
_I2C_nack                  text31       005E96
_I2C_read                  text30       005E56
_I2C_restart               text29       005F54
_I2C_start                 text37       005FCC
_I2C_stop                  text36       005F90
_I2C_write                 text35       005E12
_INTCON2bits               (abs)        000FF1
_INTCONbits                (abs)        000FF2
_OSCCONbits                (abs)        000FD3
_PIR3bits                  (abs)        000FA4
_PORTA                     (abs)        000F80
_PORTAbits                 (abs)        000F80
_PORTB                     (abs)        000F81
_PORTC                     (abs)        000F82
_PasosMotor                bssBANK0     0000A9
_RCONbits                  (abs)        000FD0
_R_W                       bssBANK1     000190
_ResetDia                  text23       0049F2
_ResetDiaAUX               bssBANK0     0000AD
_ReseteoAux                bssBANK0     0000CF
_SSP2ADD                   (abs)        000F6E
_SSP2BUF                   (abs)        000F6F
_SSP2CON1                  (abs)        000F6C
_SSP2CON2                  (abs)        000F6B
_SSP2CON2bits              (abs)        000F6B
_SSP2CON3                  (abs)        000F69
_SSP2STAT                  (abs)        000F6D
_Segundos                  bssBANK0     00007B
_SegundosRST               bssBANK0     00006F
_T0CONbits                 (abs)        000FD5
_TMR0H                     (abs)        000FD7
_TMR0L                     (abs)        000FD6
_TRISA                     (abs)        000F92
_TRISAbits                 (abs)        000F92
_TRISB                     (abs)        000F93
_TRISBbits                 (abs)        000F93
_TRISC                     (abs)        000F94
_TentreDosis24             bssBANK1     000100
_WRAcum                    bssBANK1     000157
_WRdia0                    bssBANK0     0000E4
_WRmin                     bssBANK1     000159
_WRseg                     bssBANK1     00015B
__HRAM                     (abs)        000000
__Habs1                    abs1         000000
__Hbank0                   bank0        000000
__Hbank1                   bank1        000000
__Hbank2                   bank2        000000
__Hbank3                   bank3        000000
__Hbank4                   bank4        000000
__Hbank5                   bank5        000000
__Hbigbss                  bigbss       000000
__Hbigdata                 bigdata      000000
__Hbigram                  bigram       000000
__Hbigsfr                  bigsfr       000000
__Hbss                     bss          000000
__HbssBANK0                bssBANK0     000000
__HbssBANK1                bssBANK1     000000
__HbssBANK2                bssBANK2     000000
__HbssCOMRAM               bssCOMRAM    000000
__Hcinit                   cinit        000000
__Hclrtext                 clrtext      000000
__Hcomram                  comram       000000
__Hconfig                  config       30000E
__Hconst                   const        000000
__HcstackBANK0             cstackBANK0  000000
__HcstackCOMRAM            cstackCOMRAM 000000
__Hdata                    data         000000
__Heeprom_data             eeprom_data  000000
__Hfarbss                  farbss       000000
__Hfardata                 fardata      000000
__Hheap                    heap         000000
__Hibigdata                ibigdata     000000
__Hidata                   idata        000000
__Hidloc                   idloc        200008
__Hifardata                ifardata     000000
__Hinit                    init         000514
__Hintcode                 intcode      000004
__Hintcode_body            intcode_body 000000
__Hintcodelo               intcodelo    000510
__Hintentry                intentry     000000
__Hintret                  intret       000000
__Hintsave_regs            intsave_regs 000000
__Hirdata                  irdata       000000
__Hmediumconst             mediumconst  000000
__HnvFARRAM                nvFARRAM     000000
__Hnvbit                   nvbit        000000
__Hnvrram                  nvrram       000000
__Hparam                   rparam       000000
__Hpowerup                 powerup      000510
__Hram                     ram          000000
__Hramtop                  ramtop       000600
__Hrbit                    rbit         000000
__Hrbss                    rbss         000000
__Hrdata                   rdata        000000
__Hreset_vec               reset_vec    000004
__Hrparam                  rparam       000000
__Hsfr                     sfr          000000
__Hsmallconst              smallconst   000000
__Hspace_0                 (abs)        006132
__Hspace_1                 (abs)        00027C
__Hspace_2                 (abs)        000000
__Hspace_4                 (abs)        60000E
__Hstack                   stack        000000
__Hstruct                  struct       000000
__Htemp                    temp         000049
__Htext                    text         000000
__Htext0                   text0        000000
__Htext1                   text1        000000
__Htext10                  text10       000000
__Htext11                  text11       000000
__Htext12                  text12       000000
__Htext13                  text13       000000
__Htext14                  text14       000000
__Htext15                  text15       000000
__Htext16                  text16       000000
__Htext17                  text17       000000
__Htext18                  text18       000000
__Htext19                  text19       000000
__Htext2                   text2        000000
__Htext20                  text20       000000
__Htext21                  text21       000000
__Htext22                  text22       000000
__Htext23                  text23       000000
__Htext24                  text24       000000
__Htext25                  text25       000000
__Htext26                  text26       000000
__Htext27                  text27       000000
__Htext28                  text28       000000
__Htext29                  text29       000000
__Htext3                   text3        000000
__Htext30                  text30       000000
__Htext31                  text31       000000
__Htext32                  text32       000000
__Htext33                  text33       000000
__Htext34                  text34       000000
__Htext35                  text35       000000
__Htext36                  text36       000000
__Htext37                  text37       000000
__Htext38                  text38       000000
__Htext39                  text39       000000
__Htext4                   text4        000000
__Htext40                  text40       000000
__Htext41                  text41       000000
__Htext43                  text43       000000
__Htext5                   text5        000000
__Htext6                   text6        000000
__Htext7                   text7        000000
__Htext8                   text8        000000
__Htext9                   text9        000000
__LRAM                     (abs)        000001
__Labs1                    abs1         000000
__Lbank0                   bank0        000000
__Lbank1                   bank1        000000
__Lbank2                   bank2        000000
__Lbank3                   bank3        000000
__Lbank4                   bank4        000000
__Lbank5                   bank5        000000
__Lbigbss                  bigbss       000000
__Lbigdata                 bigdata      000000
__Lbigram                  bigram       000000
__Lbigsfr                  bigsfr       000000
__Lbss                     bss          000000
__LbssBANK0                bssBANK0     000000
__LbssBANK1                bssBANK1     000000
__LbssBANK2                bssBANK2     000000
__LbssCOMRAM               bssCOMRAM    000000
__Lcinit                   cinit        000000
__Lclrtext                 clrtext      000000
__Lcomram                  comram       000000
__Lconfig                  config       000000
__Lconst                   const        000000
__LcstackBANK0             cstackBANK0  000000
__LcstackCOMRAM            cstackCOMRAM 000000
__Ldata                    data         000000
__Leeprom_data             eeprom_data  000000
__Lfarbss                  farbss       000000
__Lfardata                 fardata      000000
__Lheap                    heap         000000
__Libigdata                ibigdata     000000
__Lidata                   idata        000000
__Lidloc                   idloc        000000
__Lifardata                ifardata     000000
__Linit                    init         000510
__Lintcode                 intcode      000004
__Lintcode_body            intcode_body 000000
__Lintcodelo               intcodelo    000018
__Lintentry                intentry     000000
__Lintret                  intret       000000
__Lintsave_regs            intsave_regs 000000
__Lirdata                  irdata       000000
__Lmediumconst             mediumconst  000000
__LnvFARRAM                nvFARRAM     000000
__Lnvbit                   nvbit        000000
__Lnvrram                  nvrram       000000
__Lparam                   rparam       000000
__Lpowerup                 powerup      000510
__Lram                     ram          000000
__Lramtop                  ramtop       000600
__Lrbit                    rbit         000000
__Lrbss                    rbss         000000
__Lrdata                   rdata        000000
__Lreset_vec               reset_vec    000000
__Lrparam                  rparam       000000
__Lsfr                     sfr          000000
__Lsmallconst              smallconst   000000
__Lspace_0                 (abs)        000000
__Lspace_1                 (abs)        000000
__Lspace_2                 (abs)        000000
__Lspace_4                 (abs)        000000
__Lstack                   stack        000000
__Lstruct                  struct       000000
__Ltemp                    temp         000048
__Ltext                    text         000000
__Ltext0                   text0        000000
__Ltext1                   text1        000000
__Ltext10                  text10       000000
__Ltext11                  text11       000000
__Ltext12                  text12       000000
__Ltext13                  text13       000000
__Ltext14                  text14       000000
__Ltext15                  text15       000000
__Ltext16                  text16       000000
__Ltext17                  text17       000000
__Ltext18                  text18       000000
__Ltext19                  text19       000000
__Ltext2                   text2        000000
__Ltext20                  text20       000000
__Ltext21                  text21       000000
__Ltext22                  text22       000000
__Ltext23                  text23       000000
__Ltext24                  text24       000000
__Ltext25                  text25       000000
__Ltext26                  text26       000000
__Ltext27                  text27       000000
__Ltext28                  text28       000000
__Ltext29                  text29       000000
__Ltext3                   text3        000000
__Ltext30                  text30       000000
__Ltext31                  text31       000000
__Ltext32                  text32       000000
__Ltext33                  text33       000000
__Ltext34                  text34       000000
__Ltext35                  text35       000000
__Ltext36                  text36       000000
__Ltext37                  text37       000000
__Ltext38                  text38       000000
__Ltext39                  text39       000000
__Ltext4                   text4        000000
__Ltext40                  text40       000000
__Ltext41                  text41       000000
__Ltext43                  text43       000000
__Ltext5                   text5        000000
__Ltext6                   text6        000000
__Ltext7                   text7        000000
__Ltext8                   text8        000000
__Ltext9                   text9        000000
__S0                       (abs)        006132
__S1                       (abs)        00027C
__S4                       (abs)        000000
__S5                       (abs)        000000
___awdiv                   text20       0057A4
___awdiv@counter           cstackCOMRAM 00001C
___awdiv@dividend          cstackCOMRAM 000018
___awdiv@divisor           cstackCOMRAM 00001A
___awdiv@quotient          cstackCOMRAM 00001E
___awdiv@sign              cstackCOMRAM 00001D
___awmod                   text19       005922
___awmod@counter           cstackCOMRAM 00001C
___awmod@dividend          cstackCOMRAM 000018
___awmod@divisor           cstackCOMRAM 00001A
___awmod@sign              cstackCOMRAM 00001D
___heap_hi                 (abs)        000000
___heap_lo                 (abs)        000000
___inthi_sp                stack        000000
___intlo_sp                stack        000000
___lldiv                   text22       0059D2
___lldiv@counter           cstackBANK0  0000EC
___lldiv@dividend          cstackCOMRAM 000024
___lldiv@divisor           cstackCOMRAM 000028
___lldiv@quotient          cstackBANK0  0000E8
___llmod                   text16       005A78
___llmod@counter           cstackCOMRAM 000020
___llmod@dividend          cstackCOMRAM 000018
___llmod@divisor           cstackCOMRAM 00001C
___lmul                    text40       005B74
___lmul@multiplicand       cstackCOMRAM 00001C
___lmul@multiplier         cstackCOMRAM 000018
___lmul@product            cstackCOMRAM 000020
___lwdiv                   text9        005B00
___lwdiv@counter           cstackCOMRAM 000021
___lwdiv@dividend          cstackCOMRAM 00001D
___lwdiv@divisor           cstackCOMRAM 00001F
___lwdiv@quotient          cstackCOMRAM 000022
___lwmod                   text8        005C48
___lwmod@counter           cstackCOMRAM 00001C
___lwmod@dividend          cstackCOMRAM 000018
___lwmod@divisor           cstackCOMRAM 00001A
___param_bank              (abs)        000000
___rparam_used             (abs)        000001
___sp                      stack        000000
___wmul                    text39       0060F2
___wmul@multiplicand       cstackCOMRAM 00001A
___wmul@multiplier         cstackCOMRAM 000018
___wmul@product            cstackCOMRAM 00001C
__accesstop                (abs)        000060
__activetblptr             (abs)        000002
__end_of_I2C_ack           text32       005F16
__end_of_I2C_init          text41       006132
__end_of_I2C_nack          text31       005ED6
__end_of_I2C_read          text30       005E96
__end_of_I2C_restart       text29       005F90
__end_of_I2C_start         text37       006008
__end_of_I2C_stop          text36       005FCC
__end_of_I2C_write         text35       005E56
__end_of_ResetDia          text23       004CD4
__end_of___awdiv           text20       005868
__end_of___awmod           text19       0059D2
__end_of___lldiv           text22       005A78
__end_of___llmod           text16       005B00
__end_of___lmul            text40       005BDE
__end_of___lwdiv           text9        005B74
__end_of___lwmod           text8        005CAC
__end_of___wmul            text39       006118
__end_of__initialization   cinit        005F46
__end_of_calculoEntreDosis text21       004F10
__end_of_calibrar          text12       00405C
__end_of_controlMotor      text7        00511E
__end_of_conv7Seg          text18       00545C
__end_of_convBCD2C         text17       0057A4
__end_of_convBCD5C         text15       0052CE
__end_of_converBcdToVar    text38       005922
__end_of_display           text14       003A76
__end_of_ds1307            text26       0049F2
__end_of_enviar_fecha      text34       0060C6
__end_of_enviar_hora       text33       0060F2
__end_of_inicializacion    text10       003386
__end_of_leer_fecha        text28       005D02
__end_of_leer_hora         text27       005E12
__end_of_main              text0        002A32
__end_of_menu              text3        0020B2
__end_of_myLoIsr           intcodelo    000510
__end_of_pruebaDosis       text6        0055AE
__end_of_rdEprom           text5        006038
__end_of_rdEprom5          text11       006068
__end_of_rdEprom6          text25       006098
__end_of_segundosRestantes text2        0056BC
__end_of_teclado           text1        004574
__end_of_wrEprom1          text4        005D46
__end_of_wrEprom6          text24       005DCE
__end_of_wrEprom7          text13       005D8A
__end_ofi1___lmul          text43       005C48
__initialization           cinit        005F16
__mediumconst              mediumconst  000000
__pbssBANK0                bssBANK0     000060
__pbssBANK1                bssBANK1     000100
__pbssBANK2                bssBANK2     000200
__pbssCOMRAM               bssCOMRAM    00002C
__pcinit                   cinit        005F16
__pcstackBANK0             cstackBANK0  0000E8
__pcstackCOMRAM            cstackCOMRAM 000001
__pintcodelo               intcodelo    000018
__ptext0                   text0        0020B2
__ptext1                   text1        00405C
__ptext10                  text10       002A32
__ptext11                  text11       006038
__ptext12                  text12       003A76
__ptext13                  text13       005D46
__ptext14                  text14       003386
__ptext15                  text15       00511E
__ptext16                  text16       005A78
__ptext17                  text17       0056BC
__ptext18                  text18       0052CE
__ptext19                  text19       005922
__ptext2                   text2        0055AE
__ptext20                  text20       0057A4
__ptext21                  text21       004CD4
__ptext22                  text22       0059D2
__ptext23                  text23       0049F2
__ptext24                  text24       005D8A
__ptext25                  text25       006068
__ptext26                  text26       004574
__ptext27                  text27       005DCE
__ptext28                  text28       005CAC
__ptext29                  text29       005F54
__ptext3                   text3        000514
__ptext30                  text30       005E56
__ptext31                  text31       005E96
__ptext32                  text32       005ED6
__ptext33                  text33       0060C6
__ptext34                  text34       006098
__ptext35                  text35       005E12
__ptext36                  text36       005F90
__ptext37                  text37       005FCC
__ptext38                  text38       005868
__ptext39                  text39       0060F2
__ptext4                   text4        005D02
__ptext40                  text40       005B74
__ptext41                  text41       006118
__ptext43                  text43       005BDE
__ptext5                   text5        006008
__ptext6                   text6        00545C
__ptext7                   text7        004F10
__ptext8                   text8        005C48
__ptext9                   text9        005B00
__ramtop                   ramtop       000600
__smallconst               smallconst   000000
_a1                        bssBANK0     0000B9
_accionTecla               bssCOMRAM    00003C
_accioneTecla              bssBANK1     000189
_acumulado                 bssBANK2     000200
_acumuladoAUX              bssBANK1     000128
_acumuladoWR               bssBANK0     00006B
_ampm                      bssBANK0     0000D8
_anio                      bssBANK1     00018D
_anioAUX                   bssBANK1     000181
_anioR                     bssBANK0     0000A5
_anioS                     bssBANK0     0000E1
_aux0                      bssBANK1     00018F
_auxC                      bssBANK0     0000BB
_auxCC                     bssBANK0     0000BA
_auxINI                    bssBANK0     0000E3
_auxInt                    bssBANK0     0000B6
_auxLect                   bssBANK0     0000AC
_auxLectInt                bssBANK0     00008F
_auxLectIntLong            bssCOMRAM    00002C
_auxLectLong               bssCOMRAM    000030
_auxMenu                   bssBANK0     0000B8
_auxRTC                    bssBANK0     00009F
_auxSelec                  bssCOMRAM    00003E
_auxiliar                  bssCOMRAM    000034
_bat_baja                  bssBANK1     000188
_c                         bssBANK0     000093
_calculoEntreDosis         text21       004CD4
_calculoEntreDosis$2341    cstackBANK0  0000F3
_calibrar                  text12       003A76
_cambioAnimal              bssBANK1     00018A
_cambioAnimalAux           bssBANK1     00018B
_cantDePaso                bssBANK1     000179
_cantDosis                 bssBANK1     000120
_cantDosis24               bssBANK1     000191
_cantGramosTotal           bssBANK1     000124
_cantLect                  bssBANK0     0000BE
_cantPasoXGramo            bssBANK1     000163
_cantStep                  bssBANK1     000171
_controlMotor              text7        004F10
_conv7Seg                  text18       0052CE
_convBCD2C                 text17       0056BC
_convBCD5C                 text15       00511E
_converBcdToVar            text38       005868
_d                         bssCOMRAM    000038
_dia                       bssCOMRAM    00003A
_diaAUX                    bssBANK1     000185
_diaActual                 bssBANK0     0000A7
_diaMostrado               bssCOMRAM    000044
_diaR                      bssBANK0     0000A1
_diaS                      bssBANK0     0000DF
_diaTerminado              bssBANK0     0000D1
_diaTerminadoAux           bssBANK0     0000AE
_dig                       bssBANK0     0000C7
_dig0                      bssBANK0     0000C6
_dig1                      bssBANK0     0000C5
_dig2                      bssBANK0     0000C4
_dig3                      bssBANK0     0000C3
_dig4                      bssBANK0     0000C2
_digito                    bssCOMRAM    000043
_digito0                   bssCOMRAM    000042
_digito1                   bssCOMRAM    000041
_digito2                   bssCOMRAM    000040
_digito3                   bssBANK0     0000CE
_digitos                   bssBANK0     0000C1
_dis                       bssBANK0     000060
_display                   text14       003386
_dosis                     bssBANK0     0000E5
_dosisAux                  bssBANK0     0000CD
_dosisPrueba               bssBANK1     000175
_dosisPruebaAux            bssBANK1     000177
_ds1307                    text26       004574
_edato                     bssBANK0     0000D3
_enviar_fecha              text34       006098
_enviar_hora               text33       0060C6
_f                         bssBANK1     00017D
_fecha                     bssBANK1     000154
_habilitaDosis             bssBANK0     0000D7
_habilitaOptico            bssBANK0     0000D5
_hora                      bssBANK1     000140
_horaAux                   bssBANK1     000134
_horaR                     bssBANK0     0000DD
_horaRST                   bssBANK0     000087
_horaRSTlec                bssBANK1     000130
_horaReset                 bssBANK0     000073
_horaResetAux              bssBANK1     000148
_horaS                     bssBANK0     0000DE
_horaSAux                  bssBANK0     0000C0
_i                         bssBANK0     0000BC
_inicializacion            text10       002A32
_j                         bssBANK0     0000BD
_kilos                     bssBANK0     00008B
_kk                        bssBANK0     000091
_led1                      bssBANK0     0000E6
_led2                      bssBANK0     0000B5
_led3                      bssBANK0     0000B4
_led4                      bssBANK0     0000E7
_ledParpa1                 bssBANK0     0000B3
_ledParpa2                 bssBANK0     0000B2
_ledParpa3                 bssBANK0     0000B1
_ledParpa4                 bssBANK0     0000D6
_leer_fecha                text28       005CAC
_leer_hora                 text27       005DCE
_ll                        bssBANK0     0000D2
_luzFallaReloj             bssBANK0     0000AB
_m                         bssBANK1     00017B
_madres                    bssCOMRAM    000046
_main                      text0        0020B2
_main$2342                 cstackBANK0  0000FC
_manual                    bssCOMRAM    000045
_menu                      text3        000514
_mes                       bssBANK1     00018E
_mesAUX                    bssBANK1     000183
_mesR                      bssBANK0     0000A3
_mesS                      bssBANK0     0000E0
_minR                      bssBANK0     0000DB
_minRSTlec                 bssBANK1     00012C
_minReset                  bssBANK0     000077
_minResetAux               bssBANK1     000144
_minS                      bssBANK0     0000DC
_minSAux                   bssBANK0     0000BF
_minuto                    bssBANK1     00013C
_minutoRST                 bssBANK0     000083
_mm                        bssBANK0     0000E2
_msjDiaFin                 bssBANK0     00009D
_myLoIsr                   intcodelo    000018
_p                         bssBANK1     00015D
_pasosMotorAux             bssBANK0     00009B
_pass                      bssCOMRAM    00003F
_pass0                     bssBANK0     0000CC
_pass1                     bssBANK0     0000CB
_pass2                     bssBANK0     0000CA
_pass3                     bssBANK0     0000C9
_pruebaDosis               text6        00545C
_q                         bssCOMRAM    000047
_rdEprom                   text5        006008
_rdEprom5                  text11       006038
_rdEprom6                  text25       006068
_rebote                    bssBANK1     000165
_rele                      bssBANK0     0000B0
_resetDia                  bssBANK0     0000AF
_restoPaso                 bssBANK0     0000D4
_restoStep                 bssBANK1     00016F
_secR                      bssBANK0     0000D9
_secRestante               bssBANK1     000110
_secS                      bssBANK0     0000DA
_seg24                     bssBANK1     000150
_segEntDosis               bssBANK1     00011C
_segundo                   bssBANK1     000138
_segundosDia               bssBANK1     000118
_segundosRestante          bssBANK1     000114
_segundosRestantes         text2        0055AE
_selMenu                   bssBANK0     0000C8
_senOptDisTime             bssBANK1     000161
_sensorOptico              bssBANK1     00018C
_step                      bssBANK1     000173
_tecla                     bssBANK0     0000B7
_tecla1                    bssBANK1     00016D
_tecla2                    bssBANK1     00016B
_tecla3                    bssBANK1     000169
_tecla4                    bssBANK1     000167
_tecla5                    bssBANK0     000099
_tecla6                    bssBANK0     000097
_tecla7                    bssBANK0     000095
_teclado                   text1        00405C
_timeMotor                 bssBANK1     000104
_ultimaDosis               bssBANK0     00007F
_ultimaDosis1              bssBANK1     00014C
_ultimaDosisAux            bssBANK1     00010C
_ultimaDosisWR             bssBANK1     000108
_watchDogI2C               bssBANK1     00017F
_wrEprom1                  text4        005D02
_wrEprom6                  text24       005D8A
_wrEprom7                  text13       005D46
_x                         bssBANK1     00015F
_xDefecto                  bssBANK0     0000D0
_y                         bssBANK1     000187
_z                         bssCOMRAM    00003D
btemp                      temp         000048
calculoEntreDosis@dosis    cstackBANK0  0000F2
calculoEntreDosis@kilos    cstackBANK0  0000ED
calculoEntreDosis@madres   cstackBANK0  0000F1
conv7Seg@dig               cstackCOMRAM 00001A
convBCD2C@bcd2             cstackCOMRAM 000023
convBCD2C@dign             cstackCOMRAM 000020
convBCD2C@dignn            cstackCOMRAM 000021
convBCD2C@puntoDec         cstackCOMRAM 000022
convBCD5C@bcd5             cstackBANK0  0000ED
converBcdToVar@horaR       cstackCOMRAM 00001E
converBcdToVar@minR        cstackCOMRAM 000018
converBcdToVar@secR        cstackCOMRAM 000019
ds1307@R_W                 cstackBANK0  0000E8
end_of_initialization      cinit        005F46
i1___lmul                  text43       005BDE
i1___lmul@multiplicand     cstackCOMRAM 000005
i1___lmul@multiplier       cstackCOMRAM 000001
i1___lmul@product          cstackCOMRAM 000009
int$flags                  temp         000048
intlevel0                  text         000000
intlevel1                  text         000000
intlevel2                  text         000000
intlevel3                  text         000000
isa$std                    (abs)        000001
isa$xinst                  (abs)        000000
pruebaDosis@m              cstackCOMRAM 00001C
pruebaDosis@step           cstackCOMRAM 000018
rdEprom5@dato              cstackCOMRAM 000018
rdEprom5@dir               cstackCOMRAM 00001A
rdEprom6@dato              cstackCOMRAM 000018
rdEprom6@dir               cstackCOMRAM 00001A
rdEprom@dato               cstackCOMRAM 000018
rdEprom@dir                cstackCOMRAM 00001A
stackhi                    (abs)        000000
stacklo                    (abs)        000000
start                      init         000510
start_initialization       cinit        005F16
ttemp5                     temp         000049
ttemp6                     temp         00004C
ttemp7                     temp         000050
wrEprom1@dato              cstackCOMRAM 000018
wrEprom1@dir               cstackCOMRAM 00001A
wrEprom6@dato              cstackCOMRAM 000018
wrEprom6@dir               cstackCOMRAM 00001A
wrEprom7@dato              cstackCOMRAM 000018
wrEprom7@dir               cstackCOMRAM 00001A
wtemp8                     temp         000049


MODULE INFORMATION

Module		Function		Class		Link	Load	Size
calibrar.c
		_wrEprom7      		CODE           	5D46	0000	68
		_calibrar      		CODE           	3A76	0000	1510

calibrar.c estimated size: 1578

C:\Program Files\Microchip\xc8\v2.40\pic\sources\c99\common\lwdiv.c
		___lwdiv       		CODE           	5B00	0000	116

C:\Program Files\Microchip\xc8\v2.40\pic\sources\c99\common\lwdiv.c estimated size: 116

C:\Program Files\Microchip\xc8\v2.40\pic\sources\c99\common\awdiv.c
		___awdiv       		CODE           	57A4	0000	196

C:\Program Files\Microchip\xc8\v2.40\pic\sources\c99\common\awdiv.c estimated size: 196

controlMotor.c
		_controlMotor  		CODE           	4F10	0000	526

controlMotor.c estimated size: 526

C:\Program Files\Microchip\xc8\v2.40\pic\sources\c99\common\Umul16.c
		___wmul        		CODE           	60F2	0000	38

C:\Program Files\Microchip\xc8\v2.40\pic\sources\c99\common\Umul16.c estimated size: 38

teclado.c
		_teclado       		CODE           	405C	0000	1304

teclado.c estimated size: 1304

C:\Program Files\Microchip\xc8\v2.40\pic\sources\c99\common\__lldiv.c
		___lldiv       		CODE           	59D2	0000	166

C:\Program Files\Microchip\xc8\v2.40\pic\sources\c99\common\__lldiv.c estimated size: 166

ds1307.c
		_I2C_stop      		CODE           	5F90	0000	60
		_leer_hora     		CODE           	5DCE	0000	68
		_I2C_read      		CODE           	5E56	0000	64
		_I2C_init      		CODE           	6118	0000	26
		_ds1307        		CODE           	4574	0000	1150
		_I2C_ack       		CODE           	5ED6	0000	64
		_I2C_nack      		CODE           	5E96	0000	64
		_I2C_start     		CODE           	5FCC	0000	60
		_leer_fecha    		CODE           	5CAC	0000	86
		_I2C_restart   		CODE           	5F54	0000	60
		_converBcdToVar		CODE           	5868	0000	186
		_I2C_write     		CODE           	5E12	0000	68
		_enviar_hora   		CODE           	60C6	0000	44
		_enviar_fecha  		CODE           	6098	0000	46

ds1307.c estimated size: 2046

C:\Program Files\Microchip\xc8\v2.40\pic\sources\c99\common\Umul32.c
		___lmul        		CODE           	5B74	0000	106

C:\Program Files\Microchip\xc8\v2.40\pic\sources\c99\common\Umul32.c estimated size: 106

shared
		__initialization		CODE           	5F16	0000	48
		i1___lmul      		CODE           	5BDE	0000	106

shared estimated size: 154

C:\Program Files\Microchip\xc8\v2.40\pic\sources\c99\common\lwmod.c
		___lwmod       		CODE           	5C48	0000	100

C:\Program Files\Microchip\xc8\v2.40\pic\sources\c99\common\lwmod.c estimated size: 100

C:\Program Files\Microchip\xc8\v2.40\pic\sources\c99\common\awmod.c
		___awmod       		CODE           	5922	0000	176

C:\Program Files\Microchip\xc8\v2.40\pic\sources\c99\common\awmod.c estimated size: 176

display.c
		_display       		CODE           	3386	0000	1776
		_convBCD2C     		CODE           	56BC	0000	232
		_convBCD5C     		CODE           	511E	0000	432
		_conv7Seg      		CODE           	52CE	0000	398

display.c estimated size: 2838

menu.c
		_wrEprom1      		CODE           	5D02	0000	68
		_menu          		CODE           	0514	0000	7070
		_pruebaDosis   		CODE           	545C	0000	338
		_rdEprom       		CODE           	6008	0000	48

menu.c estimated size: 7524

C:\Program Files\Microchip\xc8\v2.40\pic\sources\c99\common\llmod.c
		___llmod       		CODE           	5A78	0000	136

C:\Program Files\Microchip\xc8\v2.40\pic\sources\c99\common\llmod.c estimated size: 136

main.c
		_segundosRestantes		CODE           	55AE	0000	270
		_wrEprom6      		CODE           	5D8A	0000	68
		_myLoIsr       		CODE           	0018	0000	1272
		_main          		CODE           	20B2	0000	2432
		_ResetDia      		CODE           	49F2	0000	738
		_calculoEntreDosis		CODE           	4CD4	0000	572
		_rdEprom6      		CODE           	6068	0000	48

main.c estimated size: 5400

inicializacion.c
		_inicializacion		CODE           	2A32	0000	2388
		_rdEprom5      		CODE           	6038	0000	48

inicializacion.c estimated size: 2436

